
> blogify-client@1.0.0 dev
> vite --host 127.0.0.1


  [32m[1mVITE[22m v6.4.2[39m  [2mready in [0m[1m512[22m[2m[0m ms[22m

  [32m➜[39m  [1mLocal[22m:   [36mhttp://127.0.0.1:[1m5173[22m/[39m
[2m10:05:42 pm[22m [36m[1m[vite][22m[39m [90m[2m(client)[22m[39m [32mpage reload [39m[2mindex.html[22m
[2m1:36:22 am[22m [36m[1m[vite][22m[39m [90m[2m(client)[22m[39m [32mpage reload [39m[2msrc/App.jsx[22m
[2m1:36:31 am[22m [36m[1m[vite][22m[39m [90m[2m(client)[22m[39m [32mpage reload [39m[2msrc/sections/FeedSection.jsx[22m
[2m1:36:54 am[22m [36m[1m[vite][22m[39m [90m[2m(client)[22m[39m [32mpage reload [39m[2msrc/components/social/Composer.jsx[22m
[2m1:37:13 am[22m [36m[1m[vite][22m[39m [90m[2m(client)[22m[39m [32mpage reload [39m[2msrc/components/social/RightRail.jsx[22m
[2m1:37:38 am[22m [36m[1m[vite][22m[39m [90m[2m(client)[22m[39m [32mpage reload [39m[2msrc/sections/CommunitiesSection.jsx[22m
[2m1:37:55 am[22m [36m[1m[vite][22m[39m [90m[2m(client)[22m[39m [32mpage reload [39m[2msrc/components/cards/SocialPostCard.jsx[22m
[2m1:40:55 am[22m [36m[1m[vite][22m[39m [90m[2m(client)[22m[39m [32mpage reload [39m[2msrc/sections/HeroSection.jsx[22m
[2m1:41:08 am[22m [36m[1m[vite][22m[39m [90m[2m(client)[22m[39m [32mpage reload [39m[2msrc/components/layout/Header.jsx[22m
[2m1:41:25 am[22m [36m[1m[vite][22m[39m [90m[2m(client)[22m[39m [32mpage reload [39m[2msrc/sections/previews/AuthPreview.jsx[22m
[2m1:45:15 am[22m [36m[1m[vite][22m[39m [90m[2m(client)[22m[39m [32mpage reload [39m[2msrc/sections/previews/AuthPreview.jsx[22m
[2m1:45:20 am[22m [36m[1m[vite][22m[39m [90m[2m(client)[22m[39m [32mpage reload [39m[2msrc/components/social/RightRail.jsx[22m
[2m1:45:25 am[22m [36m[1m[vite][22m[39m [90m[2m(client)[22m[39m [32mpage reload [39m[2msrc/sections/HeroSection.jsx[22m
[2m1:49:40 am[22m [36m[1m[vite][22m[39m [90m[2m(client)[22m[39m [32mpage reload [39m[2msrc/sections/previews/AuthPreview.jsx[22m
[2m1:53:14 am[22m [36m[1m[vite][22m[39m [90m[2m(client)[22m[39m [32mpage reload [39m[2msrc/data/content.js[22m
[2m1:55:58 am[22m [36m[1m[vite][22m[39m [90m[2m(client)[22m[39m [32mpage reload [39m[2msrc/App.jsx[22m
[2m1:56:43 am[22m [36m[1m[vite][22m[39m [90m[2m(client)[22m[39m [32mpage reload [39m[2msrc/App.jsx[22m
[2m1:57:37 am[22m [36m[1m[vite][22m[39m [90m[2m(client)[22m[39m [32mhmr update [39m[2m/src/styles.css[22m
[2m2:01:45 am[22m [36m[1m[vite][22m[39m [90m[2m(client)[22m[39m [32mpage reload [39m[2msrc/data/content.js[22m
[2m2:07:58 am[22m [36m[1m[vite][22m[39m [90m[2m(client)[22m[39m [32mpage reload [39m[2msrc/App.jsx[22m
[2m2:08:24 am[22m [36m[1m[vite][22m[39m [90m[2m(client)[22m[39m [32mpage reload [39m[2msrc/App.jsx[22m
